Unknown:
C:\Users\anikj\OneDrive\Desktop\5G_mmWave_Phased_Array\5G_mmWave_Phased_Array\Result\farfield (f=28)2D_1.ffp
C:\Users\anikj\OneDrive\Desktop\5G_mmWave_Phased_Array\5G_mmWave_Phased_Array\Result\farfield (f=28)_1.fme
C:\Users\anikj\OneDrive\Desktop\5G_mmWave_Phased_Array\5G_mmWave_Phased_Array\Result\hardware_resources.sconf
C:\Users\anikj\OneDrive\Desktop\5G_mmWave_Phased_Array\5G_mmWave_Phased_Array\Result\ml_info.log
C:\Users\anikj\OneDrive\Desktop\5G_mmWave_Phased_Array\5G_mmWave_Phased_Array\Result\Model.log
C:\Users\anikj\OneDrive\Desktop\5G_mmWave_Phased_Array\5G_mmWave_Phased_Array\Result\Model.sa
C:\Users\anikj\OneDrive\Desktop\5G_mmWave_Phased_Array\5G_mmWave_Phased_Array\Result\Port1_e1(#0000).sct
C:\Users\anikj\OneDrive\Desktop\5G_mmWave_Phased_Array\5G_mmWave_Phased_Array\Result\Port1_e1(#0001).sct
C:\Users\anikj\OneDrive\Desktop\5G_mmWave_Phased_Array\5G_mmWave_Phased_Array\Result\Port1_e1(#0002).sct
C:\Users\anikj\OneDrive\Desktop\5G_mmWave_Phased_Array\5G_mmWave_Phased_Array\Result\Port1_e1(#0003).sct
C:\Users\anikj\OneDrive\Desktop\5G_mmWave_Phased_Array\5G_mmWave_Phased_Array\Result\Port1_e1(#0004).sct
C:\Users\anikj\OneDrive\Desktop\5G_mmWave_Phased_Array\5G_mmWave_Phased_Array\Result\Port1_e1(#0005).sct
C:\Users\anikj\OneDrive\Desktop\5G_mmWave_Phased_Array\5G_mmWave_Phased_Array\Result\Port1_e1(#0006).sct
C:\Users\anikj\OneDrive\Desktop\5G_mmWave_Phased_Array\5G_mmWave_Phased_Array\Result\Port1_eInfo1(#0000).pmf
C:\Users\anikj\OneDrive\Desktop\5G_mmWave_Phased_Array\5G_mmWave_Phased_Array\Result\Port1_eInfo1(#0001).pmf
C:\Users\anikj\OneDrive\Desktop\5G_mmWave_Phased_Array\5G_mmWave_Phased_Array\Result\Port1_eInfo1(#0002).pmf
C:\Users\anikj\OneDrive\Desktop\5G_mmWave_Phased_Array\5G_mmWave_Phased_Array\Result\Port1_eInfo1(#0003).pmf
C:\Users\anikj\OneDrive\Desktop\5G_mmWave_Phased_Array\5G_mmWave_Phased_Array\Result\Port1_eInfo1(#0004).pmf
C:\Users\anikj\OneDrive\Desktop\5G_mmWave_Phased_Array\5G_mmWave_Phased_Array\Result\Port1_eInfo1(#0005).pmf
C:\Users\anikj\OneDrive\Desktop\5G_mmWave_Phased_Array\5G_mmWave_Phased_Array\Result\Port1_eInfo1(#0006).pmf
C:\Users\anikj\OneDrive\Desktop\5G_mmWave_Phased_Array\5G_mmWave_Phased_Array\Result\Port1_h1(#0000).sct
C:\Users\anikj\OneDrive\Desktop\5G_mmWave_Phased_Array\5G_mmWave_Phased_Array\Result\Port1_h1(#0001).sct
C:\Users\anikj\OneDrive\Desktop\5G_mmWave_Phased_Array\5G_mmWave_Phased_Array\Result\Port1_h1(#0002).sct
C:\Users\anikj\OneDrive\Desktop\5G_mmWave_Phased_Array\5G_mmWave_Phased_Array\Result\Port1_h1(#0003).sct
C:\Users\anikj\OneDrive\Desktop\5G_mmWave_Phased_Array\5G_mmWave_Phased_Array\Result\Port1_h1(#0004).sct
C:\Users\anikj\OneDrive\Desktop\5G_mmWave_Phased_Array\5G_mmWave_Phased_Array\Result\Port1_h1(#0005).sct
C:\Users\anikj\OneDrive\Desktop\5G_mmWave_Phased_Array\5G_mmWave_Phased_Array\Result\Port1_h1(#0006).sct
C:\Users\anikj\OneDrive\Desktop\5G_mmWave_Phased_Array\5G_mmWave_Phased_Array\Result\Port1_hInfo1(#0000).pmf
C:\Users\anikj\OneDrive\Desktop\5G_mmWave_Phased_Array\5G_mmWave_Phased_Array\Result\Port1_hInfo1(#0001).pmf
C:\Users\anikj\OneDrive\Desktop\5G_mmWave_Phased_Array\5G_mmWave_Phased_Array\Result\Port1_hInfo1(#0002).pmf
C:\Users\anikj\OneDrive\Desktop\5G_mmWave_Phased_Array\5G_mmWave_Phased_Array\Result\Port1_hInfo1(#0003).pmf
C:\Users\anikj\OneDrive\Desktop\5G_mmWave_Phased_Array\5G_mmWave_Phased_Array\Result\Port1_hInfo1(#0004).pmf
C:\Users\anikj\OneDrive\Desktop\5G_mmWave_Phased_Array\5G_mmWave_Phased_Array\Result\Port1_hInfo1(#0005).pmf
C:\Users\anikj\OneDrive\Desktop\5G_mmWave_Phased_Array\5G_mmWave_Phased_Array\Result\Port1_hInfo1(#0006).pmf
C:\Users\anikj\OneDrive\Desktop\5G_mmWave_Phased_Array\5G_mmWave_Phased_Array\Result\Port1_Info1(#0000).mmd
C:\Users\anikj\OneDrive\Desktop\5G_mmWave_Phased_Array\5G_mmWave_Phased_Array\Result\Port1_Info1(#0001).mmd
C:\Users\anikj\OneDrive\Desktop\5G_mmWave_Phased_Array\5G_mmWave_Phased_Array\Result\Port1_Info1(#0002).mmd
C:\Users\anikj\OneDrive\Desktop\5G_mmWave_Phased_Array\5G_mmWave_Phased_Array\Result\Port1_Info1(#0003).mmd
C:\Users\anikj\OneDrive\Desktop\5G_mmWave_Phased_Array\5G_mmWave_Phased_Array\Result\Port1_Info1(#0004).mmd
C:\Users\anikj\OneDrive\Desktop\5G_mmWave_Phased_Array\5G_mmWave_Phased_Array\Result\Port1_Info1(#0005).mmd
C:\Users\anikj\OneDrive\Desktop\5G_mmWave_Phased_Array\5G_mmWave_Phased_Array\Result\Port1_Info1(#0006).mmd
C:\Users\anikj\OneDrive\Desktop\5G_mmWave_Phased_Array\5G_mmWave_Phased_Array\Result\PP-GPU.log
C:\Users\anikj\OneDrive\Desktop\5G_mmWave_Phased_Array\5G_mmWave_Phased_Array\Result\SolCoef(#0000)_1(1).scf
C:\Users\anikj\OneDrive\Desktop\5G_mmWave_Phased_Array\5G_mmWave_Phased_Array\Result\SolCoef(#0002)_1(1).scf
Mesh:
C:\Users\anikj\OneDrive\Desktop\5G_mmWave_Phased_Array\5G_mmWave_Phased_Array\Result\3do.slim
C:\Users\anikj\OneDrive\Desktop\5G_mmWave_Phased_Array\5G_mmWave_Phased_Array\Result\log.tet
C:\Users\anikj\OneDrive\Desktop\5G_mmWave_Phased_Array\5G_mmWave_Phased_Array\Result\Mesh_Input.E2F.tet
C:\Users\anikj\OneDrive\Desktop\5G_mmWave_Phased_Array\5G_mmWave_Phased_Array\Result\Mesh_Input.Entities2Mesh.tet
C:\Users\anikj\OneDrive\Desktop\5G_mmWave_Phased_Array\5G_mmWave_Phased_Array\Result\Mesh_Input.Options.tet
C:\Users\anikj\OneDrive\Desktop\5G_mmWave_Phased_Array\5G_mmWave_Phased_Array\Result\Mesh_Input.QuasiModel.tet
C:\Users\anikj\OneDrive\Desktop\5G_mmWave_Phased_Array\5G_mmWave_Phased_Array\Result\Mesh_Output.QuasiModel.tet
C:\Users\anikj\OneDrive\Desktop\5G_mmWave_Phased_Array\5G_mmWave_Phased_Array\Result\Mesh_Output.U2F.tet
C:\Users\anikj\OneDrive\Desktop\5G_mmWave_Phased_Array\5G_mmWave_Phased_Array\Result\mir.tet
C:\Users\anikj\OneDrive\Desktop\5G_mmWave_Phased_Array\5G_mmWave_Phased_Array\Result\moegeom.tet
C:\Users\anikj\OneDrive\Desktop\5G_mmWave_Phased_Array\5G_mmWave_Phased_Array\Result\reftags.tet
C:\Users\anikj\OneDrive\Desktop\5G_mmWave_Phased_Array\5G_mmWave_Phased_Array\Result\tetquality.tet
C:\Users\anikj\OneDrive\Desktop\5G_mmWave_Phased_Array\5G_mmWave_Phased_Array\Result\topot.tet
Port:
C:\Users\anikj\OneDrive\Desktop\5G_mmWave_Phased_Array\5G_mmWave_Phased_Array\Result\Model.pmi
